Docs look complete. Creating PR.
